// Jest Snapshot v1, https://goo.gl/fbAQLP

exports[`(Page) Index renders correctly 1`] = `
<div
  className="jsx-3961472654 container"
>
  <h1
    className="jsx-3961472654 title"
  >
    Paidy Interview - Weather SPA
  </h1>
  <div
    className="jsx-3961472654 unit"
  >
    <div
      className="ui buttons"
    >
      <button
        className="ui blue button"
        disabled={undefined}
        onClick={[Function]}
        role="button"
        tabIndex={undefined}
      >
        Fahrenheit
      </button>
      <div
        className="or"
        data-text={undefined}
      />
      <button
        className="ui button"
        disabled={undefined}
        onClick={[Function]}
        role="button"
        tabIndex={undefined}
      >
        Celsius
      </button>
    </div>
  </div>
  <div
    className="jsx-3961472654 location"
  >
    <p
      className="jsx-3961472654"
    >
      Location
    </p>
    <div
      className="ui action input"
    >
      <input
        disabled={undefined}
        onChange={[Function]}
        placeholder="Eg. Tokyo"
        tabIndex={undefined}
        type="text"
      />
      <button
        className="ui button"
        disabled={undefined}
        onClick={[Function]}
        role="button"
        tabIndex={undefined}
      >
        Search
      </button>
    </div>
  </div>
  <div
    className="jsx-3961472654 forecast"
  >
    <div
      className="ui five cards"
    />
  </div>
  <div
    className="jsx-3961472654 footer"
  >
    <a
      className="jsx-3961472654"
      href="https://www.yahoo.com/?ilc=401"
      target="_blank"
    >
      <img
        className="jsx-3961472654"
        height="29"
        src="https://poweredby.yahoo.com/purple.png"
        width="134"
      />
    </a>
  </div>
</div>
`;
