// Jest Snapshot v1, https://goo.gl/fbAQLP

exports[`(Page) Index renders correctly 1`] = `
<div
  className="jsx-13630466 container"
>
  <div
    className="jsx-13630466 header"
  >
    <h1
      className="jsx-13630466 title"
    >
      Weather SPA
    </h1>
    <div
      className="jsx-13630466 tempUnit"
    >
      <div
        className="ui buttons"
      >
        <button
          className="ui blue button"
          disabled={undefined}
          onClick={[Function]}
          role="button"
          tabIndex={undefined}
        >
          Fahrenheit
        </button>
        <div
          className="or"
          data-text={undefined}
        />
        <button
          className="ui button"
          disabled={undefined}
          onClick={[Function]}
          role="button"
          tabIndex={undefined}
        >
          Celsius
        </button>
      </div>
    </div>
  </div>
  <div
    className="jsx-13630466 location"
  >
    <h2
      className="jsx-13630466"
    >
      Location
    </h2>
    <form
      action={undefined}
      className="ui form"
      onSubmit={[Function]}
    >
      <div
        className="fields"
      >
        <div
          className="field"
        >
          <div
            className="ui input"
            content={undefined}
          >
            <input
              defaultValue={null}
              disabled={undefined}
              name="location"
              onChange={[Function]}
              placeholder="Eg. Tokyo"
              required={undefined}
              tabIndex={undefined}
              type="text"
            />
          </div>
        </div>
        <div
          className="disabled field"
        >
          <button
            className="ui disabled button"
            disabled={true}
            onClick={[Function]}
            required={undefined}
            role="button"
            tabIndex={-1}
            type={undefined}
          >
            Search
          </button>
        </div>
      </div>
    </form>
  </div>
  <div
    className="jsx-13630466 data"
  >
    <div
      className="ui grid"
    >
      <div
        className="row"
      />
    </div>
  </div>
  <div
    className="jsx-13630466 footer"
  >
    <a
      className="jsx-13630466"
      href="https://www.yahoo.com/?ilc=401"
      target="_blank"
    >
      <img
        className="jsx-13630466"
        height="29"
        src="https://poweredby.yahoo.com/purple.png"
        width="134"
      />
    </a>
  </div>
</div>
`;
